Teste de saída do script
URL do Supabase: https://wqcgyikuhfyieautzqap.supabase.co/
Chave configurada: Sim
